// Jest Snapshot v1, https://goo.gl/fbAQLP

exports[`snapshot Checking if Home component is rendering correctly 1`] = `
<div>
  <div>
    <div>
      <h5
        className="MuiTypography-root-8 MuiTypography-h5-24 MuiTypography-colorPrimary-38 MuiTypography-gutterBottom-35 Weather-title-3"
      >
        city
         Weather Forecast
      </h5>
      <div
        className="Weather-cardContainer-6"
      >
        <div
          className="MuiPaper-root-45 MuiPaper-elevation1-48 MuiPaper-rounded-46 MuiCard-root-44 Weather-card-1"
        >
          <div
            className="MuiCardContent-root-72"
          >
            <p
              className="MuiTypography-root-8 MuiTypography-body2-16 MuiTypography-colorPrimary-38 Weather-desc-5"
            >
              Wednesday
            </p>
            <img
              className="Weather-icon-7"
              src=""
            />
            <p
              className="MuiTypography-root-8 MuiTypography-body2-16 MuiTypography-colorPrimary-38 Weather-deg-4"
            >
              0
              ยบ
            </p>
            <p
              className="MuiTypography-root-8 MuiTypography-body2-16 MuiTypography-colorPrimary-38 Weather-desc-5"
            >
              
            </p>
          </div>
        </div>
        <div
          className="MuiPaper-root-45 MuiPaper-elevation1-48 MuiPaper-rounded-46 MuiCard-root-44 Weather-card-1"
        >
          <div
            className="MuiCardContent-root-72"
          >
            <p
              className="MuiTypography-root-8 MuiTypography-body2-16 MuiTypography-colorPrimary-38 Weather-desc-5"
            >
              Wednesday
            </p>
            <img
              className="Weather-icon-7"
              src=""
            />
            <p
              className="MuiTypography-root-8 MuiTypography-body2-16 MuiTypography-colorPrimary-38 Weather-deg-4"
            >
              0
              ยบ
            </p>
            <p
              className="MuiTypography-root-8 MuiTypography-body2-16 MuiTypography-colorPrimary-38 Weather-desc-5"
            >
              
            </p>
          </div>
        </div>
        <div
          className="MuiPaper-root-45 MuiPaper-elevation1-48 MuiPaper-rounded-46 MuiCard-root-44 Weather-card-1"
        >
          <div
            className="MuiCardContent-root-72"
          >
            <p
              className="MuiTypography-root-8 MuiTypography-body2-16 MuiTypography-colorPrimary-38 Weather-desc-5"
            >
              Wednesday
            </p>
            <img
              className="Weather-icon-7"
              src=""
            />
            <p
              className="MuiTypography-root-8 MuiTypography-body2-16 MuiTypography-colorPrimary-38 Weather-deg-4"
            >
              0
              ยบ
            </p>
            <p
              className="MuiTypography-root-8 MuiTypography-body2-16 MuiTypography-colorPrimary-38 Weather-desc-5"
            >
              
            </p>
          </div>
        </div>
      </div>
    </div>
    <h5
      className="MuiTypography-root-8 MuiTypography-h5-24 MuiTypography-colorPrimary-38"
      id="popular"
    >
      Top 5 Biking Trails Near You
    </h5>
  </div>
  <div
    className="MuiCircularProgress-root-73 MuiCircularProgress-colorSecondary-77 MuiCircularProgress-indeterminate-75"
    role="progressbar"
    style={
      Object {
        "height": 40,
        "width": 40,
      }
    }
  >
    <svg
      className="MuiCircularProgress-svg-78"
      viewBox="22 22 44 44"
    >
      <circle
        className="MuiCircularProgress-circle-79 MuiCircularProgress-circleIndeterminate-81"
        cx={44}
        cy={44}
        fill="none"
        r={20.2}
        strokeWidth={3.6}
        style={Object {}}
      />
    </svg>
  </div>
  <h5
    className="MuiTypography-root-8 MuiTypography-h5-24 MuiTypography-colorPrimary-38"
    id="popular"
  >
    Top 5 Hiking Trails Near You
  </h5>
  <div
    className="MuiCircularProgress-root-73 MuiCircularProgress-colorSecondary-77 MuiCircularProgress-indeterminate-75"
    role="progressbar"
    style={
      Object {
        "height": 40,
        "width": 40,
      }
    }
  >
    <svg
      className="MuiCircularProgress-svg-78"
      viewBox="22 22 44 44"
    >
      <circle
        className="MuiCircularProgress-circle-79 MuiCircularProgress-circleIndeterminate-81"
        cx={44}
        cy={44}
        fill="none"
        r={20.2}
        strokeWidth={3.6}
        style={Object {}}
      />
    </svg>
  </div>
  <h5
    className="MuiTypography-root-8 MuiTypography-h5-24 MuiTypography-colorPrimary-38"
    id="popular"
  >
    Top 5 Running Trails Near You
  </h5>
  <div
    className="MuiCircularProgress-root-73 MuiCircularProgress-colorSecondary-77 MuiCircularProgress-indeterminate-75"
    role="progressbar"
    style={
      Object {
        "height": 40,
        "width": 40,
      }
    }
  >
    <svg
      className="MuiCircularProgress-svg-78"
      viewBox="22 22 44 44"
    >
      <circle
        className="MuiCircularProgress-circle-79 MuiCircularProgress-circleIndeterminate-81"
        cx={44}
        cy={44}
        fill="none"
        r={20.2}
        strokeWidth={3.6}
        style={Object {}}
      />
    </svg>
  </div>
</div>
`;
